2025-02-28 09:19:57 ERROR: Failed to connect to database
2025-02-28 09:19:57 ERROR: File not found
2025-02-28 09:19:57 ERROR: Access denied
